[2025-10-24 21:16:21] local.ERROR: could not find driver (Connection: sqlite, SQL: select * from "sessions" where "id" = IkcN4ChFuf0EIj7orfnqR5E06pV48Ik288EHuB35 limit 1) {"exception":"[object] (Illuminate\\Database\\QueryException(code: 0): could not find driver (Connection: sqlite, SQL: select * from \"sessions\" where \"id\" = IkcN4ChFuf0EIj7orfnqR5E06pV48Ik288EHuB35 limit 1) at /home/walas/proyectos/universidad/tesis/UNIVITA/univita-backend/vendor/laravel/framework/src/Illuminate/Database/Connection.php:824)
[stacktrace]
#0 /home/walas/proyectos/universidad/tesis/UNIVITA/univita-backend/vendor/laravel/framework/src/Illuminate/Database/Connection.php(778): Illuminate\\Database\\Connection->runQueryCallback()
#1 /home/walas/proyectos/universidad/tesis/UNIVITA/univita-backend/vendor/laravel/framework/src/Illuminate/Database/Connection.php(397): Illuminate\\Database\\Connection->run()
#2 /home/walas/proyectos/universidad/tesis/UNIVITA/univita-backend/vendor/laravel/framework/src/Illuminate/Database/Query/Builder.php(3188): Illuminate\\Database\\Connection->select()
#3 /home/walas/proyectos/universidad/tesis/UNIVITA/univita-backend/vendor/laravel/framework/src/Illuminate/Database/Query/Builder.php(3173): Illuminate\\Database\\Query\\Builder->runSelect()
#4 /home/walas/proyectos/universidad/tesis/UNIVITA/univita-backend/vendor/laravel/framework/src/Illuminate/Database/Query/Builder.php(3763): Illuminate\\Database\\Query\\Builder->Illuminate\\Database\\Query\\{closure}()
#5 /home/walas/proyectos/universidad/tesis/UNIVITA/univita-backend/vendor/laravel/framework/src/Illuminate/Database/Query/Builder.php(3172): Illuminate\\Database\\Query\\Builder->onceWithColumns()
#6 /home/walas/proyectos/universidad/tesis/UNIVITA/univita-backend/vendor/laravel/framework/src/Illuminate/Database/Concerns/BuildsQueries.php(366): Illuminate\\Database\\Query\\Builder->get()
#7 /home/walas/proyectos/universidad/tesis/UNIVITA/univita-backend/vendor/laravel/framework/src/Illuminate/Database/Query/Builder.php(3095): Illuminate\\Database\\Query\\Builder->first()
#8 /home/walas/proyectos/universidad/tesis/UNIVITA/univita-backend/vendor/laravel/framework/src/Illuminate/Session/DatabaseSessionHandler.php(96): Illuminate\\Database\\Query\\Builder->find()
#9 /home/walas/proyectos/universidad/tesis/UNIVITA/univita-backend/vendor/laravel/framework/src/Illuminate/Session/Store.php(117): Illuminate\\Session\\DatabaseSessionHandler->read()
#10 /home/walas/proyectos/universidad/tesis/UNIVITA/univita-backend/vendor/laravel/framework/src/Illuminate/Session/Store.php(105): Illuminate\\Session\\Store->readFromHandler()
#11 /home/walas/proyectos/universidad/tesis/UNIVITA/univita-backend/vendor/laravel/framework/src/Illuminate/Session/Store.php(89): Illuminate\\Session\\Store->loadSession()
#12 /home/walas/proyectos/universidad/tesis/UNIVITA/univita-backend/vendor/laravel/framework/src/Illuminate/Session/Middleware/StartSession.php(146): Illuminate\\Session\\Store->start()
#13 /home/walas/proyectos/universidad/tesis/UNIVITA/univita-backend/vendor/laravel/framework/src/Illuminate/Support/helpers.php(390): Illuminate\\Session\\Middleware\\StartSession->Illuminate\\Session\\Middleware\\{closure}()
#14 /home/walas/proyectos/universidad/tesis/UNIVITA/univita-backend/vendor/laravel/framework/src/Illuminate/Session/Middleware/StartSession.php(143): tap()
#15 /home/walas/proyectos/universidad/tesis/UNIVITA/univita-backend/vendor/laravel/framework/src/Illuminate/Session/Middleware/StartSession.php(115): Illuminate\\Session\\Middleware\\StartSession->startSession()
#16 /home/walas/proyectos/universidad/tesis/UNIVITA/univita-backend/vendor/laravel/framework/src/Illuminate/Session/Middleware/StartSession.php(63): Illuminate\\Session\\Middleware\\StartSession->handleStatefulRequest()
#17 /home/walas/proyectos/universidad/tesis/UNIVITA/univita-backend/vendor/laravel/framework/src/Illuminate/Pipeline/Pipeline.php(219): Illuminate\\Session\\Middleware\\StartSession->handle()
#18 /home/walas/proyectos/universidad/tesis/UNIVITA/univita-backend/vendor/laravel/framework/src/Illuminate/Cookie/Middleware/AddQueuedCookiesToResponse.php(36): Illuminate\\Pipeline\\Pipeline->Illuminate\\Pipeline\\{closure}()
#19 /home/walas/proyectos/universidad/tesis/UNIVITA/univita-backend/vendor/laravel/framework/src/Illuminate/Pipeline/Pipeline.php(219): Illuminate\\Cookie\\Middleware\\AddQueuedCookiesToResponse->handle()
#20 /home/walas/proyectos/universidad/tesis/UNIVITA/univita-backend/vendor/laravel/framework/src/Illuminate/Cookie/Middleware/EncryptCookies.php(74): Illuminate\\Pipeline\\Pipeline->Illuminate\\Pipeline\\{closure}()
#21 /home/walas/proyectos/universidad/tesis/UNIVITA/univita-backend/vendor/laravel/framework/src/Illuminate/Pipeline/Pipeline.php(219): Illuminate\\Cookie\\Middleware\\EncryptCookies->handle()
#22 /home/walas/proyectos/universidad/tesis/UNIVITA/univita-backend/vendor/laravel/framework/src/Illuminate/Pipeline/Pipeline.php(137): Illuminate\\Pipeline\\Pipeline->Illuminate\\Pipeline\\{closure}()
#23 /home/walas/proyectos/universidad/tesis/UNIVITA/univita-backend/vendor/laravel/framework/src/Illuminate/Routing/Router.php(821): Illuminate\\Pipeline\\Pipeline->then()
#24 /home/walas/proyectos/universidad/tesis/UNIVITA/univita-backend/vendor/laravel/framework/src/Illuminate/Routing/Router.php(800): Illuminate\\Routing\\Router->runRouteWithinStack()
#25 /home/walas/proyectos/universidad/tesis/UNIVITA/univita-backend/vendor/laravel/framework/src/Illuminate/Routing/Router.php(764): Illuminate\\Routing\\Router->runRoute()
#26 /home/walas/proyectos/universidad/tesis/UNIVITA/univita-backend/vendor/laravel/framework/src/Illuminate/Routing/Router.php(753): Illuminate\\Routing\\Router->dispatchToRoute()
#27 /home/walas/proyectos/universidad/tesis/UNIVITA/univita-backend/vendor/laravel/framework/src/Illuminate/Foundation/Http/Kernel.php(200): Illuminate\\Routing\\Router->dispatch()
#28 /home/walas/proyectos/universidad/tesis/UNIVITA/univita-backend/vendor/laravel/framework/src/Illuminate/Pipeline/Pipeline.php(180): Illuminate\\Foundation\\Http\\Kernel->Illuminate\\Foundation\\Http\\{closure}()
#29 /home/walas/proyectos/universidad/tesis/UNIVITA/univita-backend/vendor/laravel/framework/src/Illuminate/Foundation/Http/Middleware/TransformsRequest.php(21): Illuminate\\Pipeline\\Pipeline->Illuminate\\Pipeline\\{closure}()
#30 /home/walas/proyectos/universidad/tesis/UNIVITA/univita-backend/vendor/laravel/framework/src/Illuminate/Foundation/Http/Middleware/ConvertEmptyStringsToNull.php(31): Illuminate\\Foundation\\Http\\Middleware\\TransformsRequest->handle()
#31 /home/walas/proyectos/universidad/tesis/UNIVITA/univita-backend/vendor/laravel/framework/src/Illuminate/Pipeline/Pipeline.php(219): Illuminate\\Foundation\\Http\\Middleware\\ConvertEmptyStringsToNull->handle()
#32 /home/walas/proyectos/universidad/tesis/UNIVITA/univita-backend/vendor/laravel/framework/src/Illuminate/Foundation/Http/Middleware/TransformsRequest.php(21): Illuminate\\Pipeline\\Pipeline->Illuminate\\Pipeline\\{closure}()
#33 /home/walas/proyectos/universidad/tesis/UNIVITA/univita-backend/vendor/laravel/framework/src/Illuminate/Foundation/Http/Middleware/TrimStrings.php(51): Illuminate\\Foundation\\Http\\Middleware\\TransformsRequest->handle()
#34 /home/walas/proyectos/universidad/tesis/UNIVITA/univita-backend/vendor/laravel/framework/src/Illuminate/Pipeline/Pipeline.php(219): Illuminate\\Foundation\\Http\\Middleware\\TrimStrings->handle()
#35 /home/walas/proyectos/universidad/tesis/UNIVITA/univita-backend/vendor/laravel/framework/src/Illuminate/Http/Middleware/ValidatePostSize.php(27): Illuminate\\Pipeline\\Pipeline->Illuminate\\Pipeline\\{closure}()
#36 /home/walas/proyectos/universidad/tesis/UNIVITA/univita-backend/vendor/laravel/framework/src/Illuminate/Pipeline/Pipeline.php(219): Illuminate\\Http\\Middleware\\ValidatePostSize->handle()
#37 /home/walas/proyectos/universidad/tesis/UNIVITA/univita-backend/vendor/laravel/framework/src/Illuminate/Foundation/Http/Middleware/PreventRequestsDuringMaintenance.php(109): Illuminate\\Pipeline\\Pipeline->Illuminate\\Pipeline\\{closure}()
#38 /home/walas/proyectos/universidad/tesis/UNIVITA/univita-backend/vendor/laravel/framework/src/Illuminate/Pipeline/Pipeline.php(219): Illuminate\\Foundation\\Http\\Middleware\\PreventRequestsDuringMaintenance->handle()
#39 /home/walas/proyectos/universidad/tesis/UNIVITA/univita-backend/vendor/laravel/framework/src/Illuminate/Http/Middleware/HandleCors.php(48): Illuminate\\Pipeline\\Pipeline->Illuminate\\Pipeline\\{closure}()
#40 /home/walas/proyectos/universidad/tesis/UNIVITA/univita-backend/vendor/laravel/framework/src/Illuminate/Pipeline/Pipeline.php(219): Illuminate\\Http\\Middleware\\HandleCors->handle()
#41 /home/walas/proyectos/universidad/tesis/UNIVITA/univita-backend/vendor/laravel/framework/src/Illuminate/Http/Middleware/TrustProxies.php(58): Illuminate\\Pipeline\\Pipeline->Illuminate\\Pipeline\\{closure}()
#42 /home/walas/proyectos/universidad/tesis/UNIVITA/univita-backend/vendor/laravel/framework/src/Illuminate/Pipeline/Pipeline.php(219): Illuminate\\Http\\Middleware\\TrustProxies->handle()
#43 /home/walas/proyectos/universidad/tesis/UNIVITA/univita-backend/vendor/laravel/framework/src/Illuminate/Foundation/Http/Middleware/InvokeDeferredCallbacks.php(22): Illuminate\\Pipeline\\Pipeline->Illuminate\\Pipeline\\{closure}()
#44 /home/walas/proyectos/universidad/tesis/UNIVITA/univita-backend/vendor/laravel/framework/src/Illuminate/Pipeline/Pipeline.php(219): Illuminate\\Foundation\\Http\\Middleware\\InvokeDeferredCallbacks->handle()
#45 /home/walas/proyectos/universidad/tesis/UNIVITA/univita-backend/vendor/laravel/framework/src/Illuminate/Http/Middleware/ValidatePathEncoding.php(26): Illuminate\\Pipeline\\Pipeline->Illuminate\\Pipeline\\{closure}()
#46 /home/walas/proyectos/universidad/tesis/UNIVITA/univita-backend/vendor/laravel/framework/src/Illuminate/Pipeline/Pipeline.php(219): Illuminate\\Http\\Middleware\\ValidatePathEncoding->handle()
#47 /home/walas/proyectos/universidad/tesis/UNIVITA/univita-backend/vendor/laravel/framework/src/Illuminate/Pipeline/Pipeline.php(137): Illuminate\\Pipeline\\Pipeline->Illuminate\\Pipeline\\{closure}()
#48 /home/walas/proyectos/universidad/tesis/UNIVITA/univita-backend/vendor/laravel/framework/src/Illuminate/Foundation/Http/Kernel.php(175): Illuminate\\Pipeline\\Pipeline->then()
#49 /home/walas/proyectos/universidad/tesis/UNIVITA/univita-backend/vendor/laravel/framework/src/Illuminate/Foundation/Http/Kernel.php(144): Illuminate\\Foundation\\Http\\Kernel->sendRequestThroughRouter()
#50 /home/walas/proyectos/universidad/tesis/UNIVITA/univita-backend/vendor/laravel/framework/src/Illuminate/Foundation/Application.php(1220): Illuminate\\Foundation\\Http\\Kernel->handle()
#51 /home/walas/proyectos/universidad/tesis/UNIVITA/univita-backend/public/index.php(20): Illuminate\\Foundation\\Application->handleRequest()
#52 /home/walas/proyectos/universidad/tesis/UNIVITA/univita-backend/vendor/laravel/framework/src/Illuminate/Foundation/resources/server.php(23): require_once('...')
#53 {main}

[previous exception] [object] (PDOException(code: 0): could not find driver at /home/walas/proyectos/universidad/tesis/UNIVITA/univita-backend/vendor/laravel/framework/src/Illuminate/Database/Connectors/Connector.php:66)
[stacktrace]
#0 /home/walas/proyectos/universidad/tesis/UNIVITA/univita-backend/vendor/laravel/framework/src/Illuminate/Database/Connectors/Connector.php(66): PDO->__construct()
#1 /home/walas/proyectos/universidad/tesis/UNIVITA/univita-backend/vendor/laravel/framework/src/Illuminate/Database/Connectors/Connector.php(44): Illuminate\\Database\\Connectors\\Connector->createPdoConnection()
#2 /home/walas/proyectos/universidad/tesis/UNIVITA/univita-backend/vendor/laravel/framework/src/Illuminate/Database/Connectors/SQLiteConnector.php(21): Illuminate\\Database\\Connectors\\Connector->createConnection()
#3 /home/walas/proyectos/universidad/tesis/UNIVITA/univita-backend/vendor/laravel/framework/src/Illuminate/Database/Connectors/ConnectionFactory.php(223): Illuminate\\Database\\Connectors\\SQLiteConnector->connect()
#4 [internal function]: Illuminate\\Database\\Connectors\\ConnectionFactory->Illuminate\\Database\\Connectors\\{closure}()
#5 /home/walas/proyectos/universidad/tesis/UNIVITA/univita-backend/vendor/laravel/framework/src/Illuminate/Database/Connection.php(1234): call_user_func()
#6 /home/walas/proyectos/universidad/tesis/UNIVITA/univita-backend/vendor/laravel/framework/src/Illuminate/Database/Connection.php(511): Illuminate\\Database\\Connection->getPdo()
#7 /home/walas/proyectos/universidad/tesis/UNIVITA/univita-backend/vendor/laravel/framework/src/Illuminate/Database/Connection.php(406): Illuminate\\Database\\Connection->getPdoForSelect()
#8 /home/walas/proyectos/universidad/tesis/UNIVITA/univita-backend/vendor/laravel/framework/src/Illuminate/Database/Connection.php(811): Illuminate\\Database\\Connection->Illuminate\\Database\\{closure}()
#9 /home/walas/proyectos/universidad/tesis/UNIVITA/univita-backend/vendor/laravel/framework/src/Illuminate/Database/Connection.php(778): Illuminate\\Database\\Connection->runQueryCallback()
#10 /home/walas/proyectos/universidad/tesis/UNIVITA/univita-backend/vendor/laravel/framework/src/Illuminate/Database/Connection.php(397): Illuminate\\Database\\Connection->run()
#11 /home/walas/proyectos/universidad/tesis/UNIVITA/univita-backend/vendor/laravel/framework/src/Illuminate/Database/Query/Builder.php(3188): Illuminate\\Database\\Connection->select()
#12 /home/walas/proyectos/universidad/tesis/UNIVITA/univita-backend/vendor/laravel/framework/src/Illuminate/Database/Query/Builder.php(3173): Illuminate\\Database\\Query\\Builder->runSelect()
#13 /home/walas/proyectos/universidad/tesis/UNIVITA/univita-backend/vendor/laravel/framework/src/Illuminate/Database/Query/Builder.php(3763): Illuminate\\Database\\Query\\Builder->Illuminate\\Database\\Query\\{closure}()
#14 /home/walas/proyectos/universidad/tesis/UNIVITA/univita-backend/vendor/laravel/framework/src/Illuminate/Database/Query/Builder.php(3172): Illuminate\\Database\\Query\\Builder->onceWithColumns()
#15 /home/walas/proyectos/universidad/tesis/UNIVITA/univita-backend/vendor/laravel/framework/src/Illuminate/Database/Concerns/BuildsQueries.php(366): Illuminate\\Database\\Query\\Builder->get()
#16 /home/walas/proyectos/universidad/tesis/UNIVITA/univita-backend/vendor/laravel/framework/src/Illuminate/Database/Query/Builder.php(3095): Illuminate\\Database\\Query\\Builder->first()
#17 /home/walas/proyectos/universidad/tesis/UNIVITA/univita-backend/vendor/laravel/framework/src/Illuminate/Session/DatabaseSessionHandler.php(96): Illuminate\\Database\\Query\\Builder->find()
#18 /home/walas/proyectos/universidad/tesis/UNIVITA/univita-backend/vendor/laravel/framework/src/Illuminate/Session/Store.php(117): Illuminate\\Session\\DatabaseSessionHandler->read()
#19 /home/walas/proyectos/universidad/tesis/UNIVITA/univita-backend/vendor/laravel/framework/src/Illuminate/Session/Store.php(105): Illuminate\\Session\\Store->readFromHandler()
#20 /home/walas/proyectos/universidad/tesis/UNIVITA/univita-backend/vendor/laravel/framework/src/Illuminate/Session/Store.php(89): Illuminate\\Session\\Store->loadSession()
#21 /home/walas/proyectos/universidad/tesis/UNIVITA/univita-backend/vendor/laravel/framework/src/Illuminate/Session/Middleware/StartSession.php(146): Illuminate\\Session\\Store->start()
#22 /home/walas/proyectos/universidad/tesis/UNIVITA/univita-backend/vendor/laravel/framework/src/Illuminate/Support/helpers.php(390): Illuminate\\Session\\Middleware\\StartSession->Illuminate\\Session\\Middleware\\{closure}()
#23 /home/walas/proyectos/universidad/tesis/UNIVITA/univita-backend/vendor/laravel/framework/src/Illuminate/Session/Middleware/StartSession.php(143): tap()
#24 /home/walas/proyectos/universidad/tesis/UNIVITA/univita-backend/vendor/laravel/framework/src/Illuminate/Session/Middleware/StartSession.php(115): Illuminate\\Session\\Middleware\\StartSession->startSession()
#25 /home/walas/proyectos/universidad/tesis/UNIVITA/univita-backend/vendor/laravel/framework/src/Illuminate/Session/Middleware/StartSession.php(63): Illuminate\\Session\\Middleware\\StartSession->handleStatefulRequest()
#26 /home/walas/proyectos/universidad/tesis/UNIVITA/univita-backend/vendor/laravel/framework/src/Illuminate/Pipeline/Pipeline.php(219): Illuminate\\Session\\Middleware\\StartSession->handle()
#27 /home/walas/proyectos/universidad/tesis/UNIVITA/univita-backend/vendor/laravel/framework/src/Illuminate/Cookie/Middleware/AddQueuedCookiesToResponse.php(36): Illuminate\\Pipeline\\Pipeline->Illuminate\\Pipeline\\{closure}()
#28 /home/walas/proyectos/universidad/tesis/UNIVITA/univita-backend/vendor/laravel/framework/src/Illuminate/Pipeline/Pipeline.php(219): Illuminate\\Cookie\\Middleware\\AddQueuedCookiesToResponse->handle()
#29 /home/walas/proyectos/universidad/tesis/UNIVITA/univita-backend/vendor/laravel/framework/src/Illuminate/Cookie/Middleware/EncryptCookies.php(74): Illuminate\\Pipeline\\Pipeline->Illuminate\\Pipeline\\{closure}()
#30 /home/walas/proyectos/universidad/tesis/UNIVITA/univita-backend/vendor/laravel/framework/src/Illuminate/Pipeline/Pipeline.php(219): Illuminate\\Cookie\\Middleware\\EncryptCookies->handle()
#31 /home/walas/proyectos/universidad/tesis/UNIVITA/univita-backend/vendor/laravel/framework/src/Illuminate/Pipeline/Pipeline.php(137): Illuminate\\Pipeline\\Pipeline->Illuminate\\Pipeline\\{closure}()
#32 /home/walas/proyectos/universidad/tesis/UNIVITA/univita-backend/vendor/laravel/framework/src/Illuminate/Routing/Router.php(821): Illuminate\\Pipeline\\Pipeline->then()
#33 /home/walas/proyectos/universidad/tesis/UNIVITA/univita-backend/vendor/laravel/framework/src/Illuminate/Routing/Router.php(800): Illuminate\\Routing\\Router->runRouteWithinStack()
#34 /home/walas/proyectos/universidad/tesis/UNIVITA/univita-backend/vendor/laravel/framework/src/Illuminate/Routing/Router.php(764): Illuminate\\Routing\\Router->runRoute()
#35 /home/walas/proyectos/universidad/tesis/UNIVITA/univita-backend/vendor/laravel/framework/src/Illuminate/Routing/Router.php(753): Illuminate\\Routing\\Router->dispatchToRoute()
#36 /home/walas/proyectos/universidad/tesis/UNIVITA/univita-backend/vendor/laravel/framework/src/Illuminate/Foundation/Http/Kernel.php(200): Illuminate\\Routing\\Router->dispatch()
#37 /home/walas/proyectos/universidad/tesis/UNIVITA/univita-backend/vendor/laravel/framework/src/Illuminate/Pipeline/Pipeline.php(180): Illuminate\\Foundation\\Http\\Kernel->Illuminate\\Foundation\\Http\\{closure}()
#38 /home/walas/proyectos/universidad/tesis/UNIVITA/univita-backend/vendor/laravel/framework/src/Illuminate/Foundation/Http/Middleware/TransformsRequest.php(21): Illuminate\\Pipeline\\Pipeline->Illuminate\\Pipeline\\{closure}()
#39 /home/walas/proyectos/universidad/tesis/UNIVITA/univita-backend/vendor/laravel/framework/src/Illuminate/Foundation/Http/Middleware/ConvertEmptyStringsToNull.php(31): Illuminate\\Foundation\\Http\\Middleware\\TransformsRequest->handle()
#40 /home/walas/proyectos/universidad/tesis/UNIVITA/univita-backend/vendor/laravel/framework/src/Illuminate/Pipeline/Pipeline.php(219): Illuminate\\Foundation\\Http\\Middleware\\ConvertEmptyStringsToNull->handle()
#41 /home/walas/proyectos/universidad/tesis/UNIVITA/univita-backend/vendor/laravel/framework/src/Illuminate/Foundation/Http/Middleware/TransformsRequest.php(21): Illuminate\\Pipeline\\Pipeline->Illuminate\\Pipeline\\{closure}()
#42 /home/walas/proyectos/universidad/tesis/UNIVITA/univita-backend/vendor/laravel/framework/src/Illuminate/Foundation/Http/Middleware/TrimStrings.php(51): Illuminate\\Foundation\\Http\\Middleware\\TransformsRequest->handle()
#43 /home/walas/proyectos/universidad/tesis/UNIVITA/univita-backend/vendor/laravel/framework/src/Illuminate/Pipeline/Pipeline.php(219): Illuminate\\Foundation\\Http\\Middleware\\TrimStrings->handle()
#44 /home/walas/proyectos/universidad/tesis/UNIVITA/univita-backend/vendor/laravel/framework/src/Illuminate/Http/Middleware/ValidatePostSize.php(27): Illuminate\\Pipeline\\Pipeline->Illuminate\\Pipeline\\{closure}()
#45 /home/walas/proyectos/universidad/tesis/UNIVITA/univita-backend/vendor/laravel/framework/src/Illuminate/Pipeline/Pipeline.php(219): Illuminate\\Http\\Middleware\\ValidatePostSize->handle()
#46 /home/walas/proyectos/universidad/tesis/UNIVITA/univita-backend/vendor/laravel/framework/src/Illuminate/Foundation/Http/Middleware/PreventRequestsDuringMaintenance.php(109): Illuminate\\Pipeline\\Pipeline->Illuminate\\Pipeline\\{closure}()
#47 /home/walas/proyectos/universidad/tesis/UNIVITA/univita-backend/vendor/laravel/framework/src/Illuminate/Pipeline/Pipeline.php(219): Illuminate\\Foundation\\Http\\Middleware\\PreventRequestsDuringMaintenance->handle()
#48 /home/walas/proyectos/universidad/tesis/UNIVITA/univita-backend/vendor/laravel/framework/src/Illuminate/Http/Middleware/HandleCors.php(48): Illuminate\\Pipeline\\Pipeline->Illuminate\\Pipeline\\{closure}()
#49 /home/walas/proyectos/universidad/tesis/UNIVITA/univita-backend/vendor/laravel/framework/src/Illuminate/Pipeline/Pipeline.php(219): Illuminate\\Http\\Middleware\\HandleCors->handle()
#50 /home/walas/proyectos/universidad/tesis/UNIVITA/univita-backend/vendor/laravel/framework/src/Illuminate/Http/Middleware/TrustProxies.php(58): Illuminate\\Pipeline\\Pipeline->Illuminate\\Pipeline\\{closure}()
#51 /home/walas/proyectos/universidad/tesis/UNIVITA/univita-backend/vendor/laravel/framework/src/Illuminate/Pipeline/Pipeline.php(219): Illuminate\\Http\\Middleware\\TrustProxies->handle()
#52 /home/walas/proyectos/universidad/tesis/UNIVITA/univita-backend/vendor/laravel/framework/src/Illuminate/Foundation/Http/Middleware/InvokeDeferredCallbacks.php(22): Illuminate\\Pipeline\\Pipeline->Illuminate\\Pipeline\\{closure}()
#53 /home/walas/proyectos/universidad/tesis/UNIVITA/univita-backend/vendor/laravel/framework/src/Illuminate/Pipeline/Pipeline.php(219): Illuminate\\Foundation\\Http\\Middleware\\InvokeDeferredCallbacks->handle()
#54 /home/walas/proyectos/universidad/tesis/UNIVITA/univita-backend/vendor/laravel/framework/src/Illuminate/Http/Middleware/ValidatePathEncoding.php(26): Illuminate\\Pipeline\\Pipeline->Illuminate\\Pipeline\\{closure}()
#55 /home/walas/proyectos/universidad/tesis/UNIVITA/univita-backend/vendor/laravel/framework/src/Illuminate/Pipeline/Pipeline.php(219): Illuminate\\Http\\Middleware\\ValidatePathEncoding->handle()
#56 /home/walas/proyectos/universidad/tesis/UNIVITA/univita-backend/vendor/laravel/framework/src/Illuminate/Pipeline/Pipeline.php(137): Illuminate\\Pipeline\\Pipeline->Illuminate\\Pipeline\\{closure}()
#57 /home/walas/proyectos/universidad/tesis/UNIVITA/univita-backend/vendor/laravel/framework/src/Illuminate/Foundation/Http/Kernel.php(175): Illuminate\\Pipeline\\Pipeline->then()
#58 /home/walas/proyectos/universidad/tesis/UNIVITA/univita-backend/vendor/laravel/framework/src/Illuminate/Foundation/Http/Kernel.php(144): Illuminate\\Foundation\\Http\\Kernel->sendRequestThroughRouter()
#59 /home/walas/proyectos/universidad/tesis/UNIVITA/univita-backend/vendor/laravel/framework/src/Illuminate/Foundation/Application.php(1220): Illuminate\\Foundation\\Http\\Kernel->handle()
#60 /home/walas/proyectos/universidad/tesis/UNIVITA/univita-backend/public/index.php(20): Illuminate\\Foundation\\Application->handleRequest()
#61 /home/walas/proyectos/universidad/tesis/UNIVITA/univita-backend/vendor/laravel/framework/src/Illuminate/Foundation/resources/server.php(23): require_once('...')
#62 {main}
"} 
[2025-10-24 21:24:12] local.ERROR: could not find driver (Connection: sqlite, SQL: select exists (select 1 from "main".sqlite_master where name = 'migrations' and type = 'table') as "exists") {"exception":"[object] (Illuminate\\Database\\QueryException(code: 0): could not find driver (Connection: sqlite, SQL: select exists (select 1 from \"main\".sqlite_master where name = 'migrations' and type = 'table') as \"exists\") at /home/walas/proyectos/universidad/tesis/UNIVITA/univita-backend/vendor/laravel/framework/src/Illuminate/Database/Connection.php:824)
[stacktrace]
#0 /home/walas/proyectos/universidad/tesis/UNIVITA/univita-backend/vendor/laravel/framework/src/Illuminate/Database/Connection.php(778): Illuminate\\Database\\Connection->runQueryCallback()
#1 /home/walas/proyectos/universidad/tesis/UNIVITA/univita-backend/vendor/laravel/framework/src/Illuminate/Database/Connection.php(397): Illuminate\\Database\\Connection->run()
#2 /home/walas/proyectos/universidad/tesis/UNIVITA/univita-backend/vendor/laravel/framework/src/Illuminate/Database/Connection.php(343): Illuminate\\Database\\Connection->select()
#3 /home/walas/proyectos/universidad/tesis/UNIVITA/univita-backend/vendor/laravel/framework/src/Illuminate/Database/Connection.php(360): Illuminate\\Database\\Connection->selectOne()
#4 /home/walas/proyectos/universidad/tesis/UNIVITA/univita-backend/vendor/laravel/framework/src/Illuminate/Database/Schema/Builder.php(174): Illuminate\\Database\\Connection->scalar()
#5 /home/walas/proyectos/universidad/tesis/UNIVITA/univita-backend/vendor/laravel/framework/src/Illuminate/Database/Migrations/DatabaseMigrationRepository.php(185): Illuminate\\Database\\Schema\\Builder->hasTable()
#6 /home/walas/proyectos/universidad/tesis/UNIVITA/univita-backend/vendor/laravel/framework/src/Illuminate/Database/Migrations/Migrator.php(753): Illuminate\\Database\\Migrations\\DatabaseMigrationRepository->repositoryExists()
#7 /home/walas/proyectos/universidad/tesis/UNIVITA/univita-backend/vendor/laravel/framework/src/Illuminate/Database/Console/Migrations/MigrateCommand.php(164): Illuminate\\Database\\Migrations\\Migrator->repositoryExists()
#8 /home/walas/proyectos/universidad/tesis/UNIVITA/univita-backend/vendor/laravel/framework/src/Illuminate/Support/helpers.php(329): Illuminate\\Database\\Console\\Migrations\\MigrateCommand->Illuminate\\Database\\Console\\Migrations\\{closure}()
#9 /home/walas/proyectos/universidad/tesis/UNIVITA/univita-backend/vendor/laravel/framework/src/Illuminate/Database/Console/Migrations/MigrateCommand.php(164): retry()
#10 /home/walas/proyectos/universidad/tesis/UNIVITA/univita-backend/vendor/laravel/framework/src/Illuminate/Database/Console/Migrations/MigrateCommand.php(140): Illuminate\\Database\\Console\\Migrations\\MigrateCommand->repositoryExists()
#11 /home/walas/proyectos/universidad/tesis/UNIVITA/univita-backend/vendor/laravel/framework/src/Illuminate/Database/Console/Migrations/MigrateCommand.php(110): Illuminate\\Database\\Console\\Migrations\\MigrateCommand->prepareDatabase()
#12 /home/walas/proyectos/universidad/tesis/UNIVITA/univita-backend/vendor/laravel/framework/src/Illuminate/Database/Migrations/Migrator.php(666): Illuminate\\Database\\Console\\Migrations\\MigrateCommand->Illuminate\\Database\\Console\\Migrations\\{closure}()
#13 /home/walas/proyectos/universidad/tesis/UNIVITA/univita-backend/vendor/laravel/framework/src/Illuminate/Database/Console/Migrations/MigrateCommand.php(109): Illuminate\\Database\\Migrations\\Migrator->usingConnection()
#14 /home/walas/proyectos/universidad/tesis/UNIVITA/univita-backend/vendor/laravel/framework/src/Illuminate/Database/Console/Migrations/MigrateCommand.php(88): Illuminate\\Database\\Console\\Migrations\\MigrateCommand->runMigrations()
#15 /home/walas/proyectos/universidad/tesis/UNIVITA/univita-backend/vendor/laravel/framework/src/Illuminate/Container/BoundMethod.php(36): Illuminate\\Database\\Console\\Migrations\\MigrateCommand->handle()
#16 /home/walas/proyectos/universidad/tesis/UNIVITA/univita-backend/vendor/laravel/framework/src/Illuminate/Container/Util.php(43): Illuminate\\Container\\BoundMethod::Illuminate\\Container\\{closure}()
#17 /home/walas/proyectos/universidad/tesis/UNIVITA/univita-backend/vendor/laravel/framework/src/Illuminate/Container/BoundMethod.php(96): Illuminate\\Container\\Util::unwrapIfClosure()
#18 /home/walas/proyectos/universidad/tesis/UNIVITA/univita-backend/vendor/laravel/framework/src/Illuminate/Container/BoundMethod.php(35): Illuminate\\Container\\BoundMethod::callBoundMethod()
#19 /home/walas/proyectos/universidad/tesis/UNIVITA/univita-backend/vendor/laravel/framework/src/Illuminate/Container/Container.php(836): Illuminate\\Container\\BoundMethod::call()
#20 /home/walas/proyectos/universidad/tesis/UNIVITA/univita-backend/vendor/laravel/framework/src/Illuminate/Console/Command.php(211): Illuminate\\Container\\Container->call()
#21 /home/walas/proyectos/universidad/tesis/UNIVITA/univita-backend/vendor/symfony/console/Command/Command.php(318): Illuminate\\Console\\Command->execute()
#22 /home/walas/proyectos/universidad/tesis/UNIVITA/univita-backend/vendor/laravel/framework/src/Illuminate/Console/Command.php(180): Symfony\\Component\\Console\\Command\\Command->run()
#23 /home/walas/proyectos/universidad/tesis/UNIVITA/univita-backend/vendor/symfony/console/Application.php(1110): Illuminate\\Console\\Command->run()
#24 /home/walas/proyectos/universidad/tesis/UNIVITA/univita-backend/vendor/symfony/console/Application.php(359): Symfony\\Component\\Console\\Application->doRunCommand()
#25 /home/walas/proyectos/universidad/tesis/UNIVITA/univita-backend/vendor/symfony/console/Application.php(194): Symfony\\Component\\Console\\Application->doRun()
#26 /home/walas/proyectos/universidad/tesis/UNIVITA/univita-backend/vendor/laravel/framework/src/Illuminate/Foundation/Console/Kernel.php(197): Symfony\\Component\\Console\\Application->run()
#27 /home/walas/proyectos/universidad/tesis/UNIVITA/univita-backend/vendor/laravel/framework/src/Illuminate/Foundation/Application.php(1235): Illuminate\\Foundation\\Console\\Kernel->handle()
#28 /home/walas/proyectos/universidad/tesis/UNIVITA/univita-backend/artisan(16): Illuminate\\Foundation\\Application->handleCommand()
#29 {main}

[previous exception] [object] (PDOException(code: 0): could not find driver at /home/walas/proyectos/universidad/tesis/UNIVITA/univita-backend/vendor/laravel/framework/src/Illuminate/Database/Connectors/Connector.php:66)
[stacktrace]
#0 /home/walas/proyectos/universidad/tesis/UNIVITA/univita-backend/vendor/laravel/framework/src/Illuminate/Database/Connectors/Connector.php(66): PDO->__construct()
#1 /home/walas/proyectos/universidad/tesis/UNIVITA/univita-backend/vendor/laravel/framework/src/Illuminate/Database/Connectors/Connector.php(44): Illuminate\\Database\\Connectors\\Connector->createPdoConnection()
#2 /home/walas/proyectos/universidad/tesis/UNIVITA/univita-backend/vendor/laravel/framework/src/Illuminate/Database/Connectors/SQLiteConnector.php(21): Illuminate\\Database\\Connectors\\Connector->createConnection()
#3 /home/walas/proyectos/universidad/tesis/UNIVITA/univita-backend/vendor/laravel/framework/src/Illuminate/Database/Connectors/ConnectionFactory.php(223): Illuminate\\Database\\Connectors\\SQLiteConnector->connect()
#4 [internal function]: Illuminate\\Database\\Connectors\\ConnectionFactory->Illuminate\\Database\\Connectors\\{closure}()
#5 /home/walas/proyectos/universidad/tesis/UNIVITA/univita-backend/vendor/laravel/framework/src/Illuminate/Database/Connection.php(1234): call_user_func()
#6 /home/walas/proyectos/universidad/tesis/UNIVITA/univita-backend/vendor/laravel/framework/src/Illuminate/Database/Connection.php(1270): Illuminate\\Database\\Connection->getPdo()
#7 /home/walas/proyectos/universidad/tesis/UNIVITA/univita-backend/vendor/laravel/framework/src/Illuminate/Database/Connection.php(511): Illuminate\\Database\\Connection->getReadPdo()
#8 /home/walas/proyectos/universidad/tesis/UNIVITA/univita-backend/vendor/laravel/framework/src/Illuminate/Database/Connection.php(406): Illuminate\\Database\\Connection->getPdoForSelect()
#9 /home/walas/proyectos/universidad/tesis/UNIVITA/univita-backend/vendor/laravel/framework/src/Illuminate/Database/Connection.php(811): Illuminate\\Database\\Connection->Illuminate\\Database\\{closure}()
#10 /home/walas/proyectos/universidad/tesis/UNIVITA/univita-backend/vendor/laravel/framework/src/Illuminate/Database/Connection.php(778): Illuminate\\Database\\Connection->runQueryCallback()
#11 /home/walas/proyectos/universidad/tesis/UNIVITA/univita-backend/vendor/laravel/framework/src/Illuminate/Database/Connection.php(397): Illuminate\\Database\\Connection->run()
#12 /home/walas/proyectos/universidad/tesis/UNIVITA/univita-backend/vendor/laravel/framework/src/Illuminate/Database/Connection.php(343): Illuminate\\Database\\Connection->select()
#13 /home/walas/proyectos/universidad/tesis/UNIVITA/univita-backend/vendor/laravel/framework/src/Illuminate/Database/Connection.php(360): Illuminate\\Database\\Connection->selectOne()
#14 /home/walas/proyectos/universidad/tesis/UNIVITA/univita-backend/vendor/laravel/framework/src/Illuminate/Database/Schema/Builder.php(174): Illuminate\\Database\\Connection->scalar()
#15 /home/walas/proyectos/universidad/tesis/UNIVITA/univita-backend/vendor/laravel/framework/src/Illuminate/Database/Migrations/DatabaseMigrationRepository.php(185): Illuminate\\Database\\Schema\\Builder->hasTable()
#16 /home/walas/proyectos/universidad/tesis/UNIVITA/univita-backend/vendor/laravel/framework/src/Illuminate/Database/Migrations/Migrator.php(753): Illuminate\\Database\\Migrations\\DatabaseMigrationRepository->repositoryExists()
#17 /home/walas/proyectos/universidad/tesis/UNIVITA/univita-backend/vendor/laravel/framework/src/Illuminate/Database/Console/Migrations/MigrateCommand.php(164): Illuminate\\Database\\Migrations\\Migrator->repositoryExists()
#18 /home/walas/proyectos/universidad/tesis/UNIVITA/univita-backend/vendor/laravel/framework/src/Illuminate/Support/helpers.php(329): Illuminate\\Database\\Console\\Migrations\\MigrateCommand->Illuminate\\Database\\Console\\Migrations\\{closure}()
#19 /home/walas/proyectos/universidad/tesis/UNIVITA/univita-backend/vendor/laravel/framework/src/Illuminate/Database/Console/Migrations/MigrateCommand.php(164): retry()
#20 /home/walas/proyectos/universidad/tesis/UNIVITA/univita-backend/vendor/laravel/framework/src/Illuminate/Database/Console/Migrations/MigrateCommand.php(140): Illuminate\\Database\\Console\\Migrations\\MigrateCommand->repositoryExists()
#21 /home/walas/proyectos/universidad/tesis/UNIVITA/univita-backend/vendor/laravel/framework/src/Illuminate/Database/Console/Migrations/MigrateCommand.php(110): Illuminate\\Database\\Console\\Migrations\\MigrateCommand->prepareDatabase()
#22 /home/walas/proyectos/universidad/tesis/UNIVITA/univita-backend/vendor/laravel/framework/src/Illuminate/Database/Migrations/Migrator.php(666): Illuminate\\Database\\Console\\Migrations\\MigrateCommand->Illuminate\\Database\\Console\\Migrations\\{closure}()
#23 /home/walas/proyectos/universidad/tesis/UNIVITA/univita-backend/vendor/laravel/framework/src/Illuminate/Database/Console/Migrations/MigrateCommand.php(109): Illuminate\\Database\\Migrations\\Migrator->usingConnection()
#24 /home/walas/proyectos/universidad/tesis/UNIVITA/univita-backend/vendor/laravel/framework/src/Illuminate/Database/Console/Migrations/MigrateCommand.php(88): Illuminate\\Database\\Console\\Migrations\\MigrateCommand->runMigrations()
#25 /home/walas/proyectos/universidad/tesis/UNIVITA/univita-backend/vendor/laravel/framework/src/Illuminate/Container/BoundMethod.php(36): Illuminate\\Database\\Console\\Migrations\\MigrateCommand->handle()
#26 /home/walas/proyectos/universidad/tesis/UNIVITA/univita-backend/vendor/laravel/framework/src/Illuminate/Container/Util.php(43): Illuminate\\Container\\BoundMethod::Illuminate\\Container\\{closure}()
#27 /home/walas/proyectos/universidad/tesis/UNIVITA/univita-backend/vendor/laravel/framework/src/Illuminate/Container/BoundMethod.php(96): Illuminate\\Container\\Util::unwrapIfClosure()
#28 /home/walas/proyectos/universidad/tesis/UNIVITA/univita-backend/vendor/laravel/framework/src/Illuminate/Container/BoundMethod.php(35): Illuminate\\Container\\BoundMethod::callBoundMethod()
#29 /home/walas/proyectos/universidad/tesis/UNIVITA/univita-backend/vendor/laravel/framework/src/Illuminate/Container/Container.php(836): Illuminate\\Container\\BoundMethod::call()
#30 /home/walas/proyectos/universidad/tesis/UNIVITA/univita-backend/vendor/laravel/framework/src/Illuminate/Console/Command.php(211): Illuminate\\Container\\Container->call()
#31 /home/walas/proyectos/universidad/tesis/UNIVITA/univita-backend/vendor/symfony/console/Command/Command.php(318): Illuminate\\Console\\Command->execute()
#32 /home/walas/proyectos/universidad/tesis/UNIVITA/univita-backend/vendor/laravel/framework/src/Illuminate/Console/Command.php(180): Symfony\\Component\\Console\\Command\\Command->run()
#33 /home/walas/proyectos/universidad/tesis/UNIVITA/univita-backend/vendor/symfony/console/Application.php(1110): Illuminate\\Console\\Command->run()
#34 /home/walas/proyectos/universidad/tesis/UNIVITA/univita-backend/vendor/symfony/console/Application.php(359): Symfony\\Component\\Console\\Application->doRunCommand()
#35 /home/walas/proyectos/universidad/tesis/UNIVITA/univita-backend/vendor/symfony/console/Application.php(194): Symfony\\Component\\Console\\Application->doRun()
#36 /home/walas/proyectos/universidad/tesis/UNIVITA/univita-backend/vendor/laravel/framework/src/Illuminate/Foundation/Console/Kernel.php(197): Symfony\\Component\\Console\\Application->run()
#37 /home/walas/proyectos/universidad/tesis/UNIVITA/univita-backend/vendor/laravel/framework/src/Illuminate/Foundation/Application.php(1235): Illuminate\\Foundation\\Console\\Kernel->handle()
#38 /home/walas/proyectos/universidad/tesis/UNIVITA/univita-backend/artisan(16): Illuminate\\Foundation\\Application->handleCommand()
#39 {main}
"} 
[2025-10-24 21:25:07] local.ERROR: SQLSTATE[HY000] [1698] Access denied for user 'root'@'localhost' (Connection: mysql, SQL: select exists (select 1 from information_schema.tables where table_schema = schema() and table_name = 'migrations' and table_type in ('BASE TABLE', 'SYSTEM VERSIONED')) as `exists`) {"exception":"[object] (Illuminate\\Database\\QueryException(code: 1698): SQLSTATE[HY000] [1698] Access denied for user 'root'@'localhost' (Connection: mysql, SQL: select exists (select 1 from information_schema.tables where table_schema = schema() and table_name = 'migrations' and table_type in ('BASE TABLE', 'SYSTEM VERSIONED')) as `exists`) at /home/walas/proyectos/universidad/tesis/UNIVITA/univita-backend/vendor/laravel/framework/src/Illuminate/Database/Connection.php:824)
[stacktrace]
#0 /home/walas/proyectos/universidad/tesis/UNIVITA/univita-backend/vendor/laravel/framework/src/Illuminate/Database/Connection.php(778): Illuminate\\Database\\Connection->runQueryCallback()
#1 /home/walas/proyectos/universidad/tesis/UNIVITA/univita-backend/vendor/laravel/framework/src/Illuminate/Database/Connection.php(397): Illuminate\\Database\\Connection->run()
#2 /home/walas/proyectos/universidad/tesis/UNIVITA/univita-backend/vendor/laravel/framework/src/Illuminate/Database/Connection.php(343): Illuminate\\Database\\Connection->select()
#3 /home/walas/proyectos/universidad/tesis/UNIVITA/univita-backend/vendor/laravel/framework/src/Illuminate/Database/Connection.php(360): Illuminate\\Database\\Connection->selectOne()
#4 /home/walas/proyectos/universidad/tesis/UNIVITA/univita-backend/vendor/laravel/framework/src/Illuminate/Database/Schema/Builder.php(174): Illuminate\\Database\\Connection->scalar()
#5 /home/walas/proyectos/universidad/tesis/UNIVITA/univita-backend/vendor/laravel/framework/src/Illuminate/Database/Migrations/DatabaseMigrationRepository.php(185): Illuminate\\Database\\Schema\\Builder->hasTable()
#6 /home/walas/proyectos/universidad/tesis/UNIVITA/univita-backend/vendor/laravel/framework/src/Illuminate/Database/Migrations/Migrator.php(753): Illuminate\\Database\\Migrations\\DatabaseMigrationRepository->repositoryExists()
#7 /home/walas/proyectos/universidad/tesis/UNIVITA/univita-backend/vendor/laravel/framework/src/Illuminate/Database/Console/Migrations/MigrateCommand.php(164): Illuminate\\Database\\Migrations\\Migrator->repositoryExists()
#8 /home/walas/proyectos/universidad/tesis/UNIVITA/univita-backend/vendor/laravel/framework/src/Illuminate/Support/helpers.php(329): Illuminate\\Database\\Console\\Migrations\\MigrateCommand->Illuminate\\Database\\Console\\Migrations\\{closure}()
#9 /home/walas/proyectos/universidad/tesis/UNIVITA/univita-backend/vendor/laravel/framework/src/Illuminate/Database/Console/Migrations/MigrateCommand.php(164): retry()
#10 /home/walas/proyectos/universidad/tesis/UNIVITA/univita-backend/vendor/laravel/framework/src/Illuminate/Database/Console/Migrations/MigrateCommand.php(140): Illuminate\\Database\\Console\\Migrations\\MigrateCommand->repositoryExists()
#11 /home/walas/proyectos/universidad/tesis/UNIVITA/univita-backend/vendor/laravel/framework/src/Illuminate/Database/Console/Migrations/MigrateCommand.php(110): Illuminate\\Database\\Console\\Migrations\\MigrateCommand->prepareDatabase()
#12 /home/walas/proyectos/universidad/tesis/UNIVITA/univita-backend/vendor/laravel/framework/src/Illuminate/Database/Migrations/Migrator.php(666): Illuminate\\Database\\Console\\Migrations\\MigrateCommand->Illuminate\\Database\\Console\\Migrations\\{closure}()
#13 /home/walas/proyectos/universidad/tesis/UNIVITA/univita-backend/vendor/laravel/framework/src/Illuminate/Database/Console/Migrations/MigrateCommand.php(109): Illuminate\\Database\\Migrations\\Migrator->usingConnection()
#14 /home/walas/proyectos/universidad/tesis/UNIVITA/univita-backend/vendor/laravel/framework/src/Illuminate/Database/Console/Migrations/MigrateCommand.php(88): Illuminate\\Database\\Console\\Migrations\\MigrateCommand->runMigrations()
#15 /home/walas/proyectos/universidad/tesis/UNIVITA/univita-backend/vendor/laravel/framework/src/Illuminate/Container/BoundMethod.php(36): Illuminate\\Database\\Console\\Migrations\\MigrateCommand->handle()
#16 /home/walas/proyectos/universidad/tesis/UNIVITA/univita-backend/vendor/laravel/framework/src/Illuminate/Container/Util.php(43): Illuminate\\Container\\BoundMethod::Illuminate\\Container\\{closure}()
#17 /home/walas/proyectos/universidad/tesis/UNIVITA/univita-backend/vendor/laravel/framework/src/Illuminate/Container/BoundMethod.php(96): Illuminate\\Container\\Util::unwrapIfClosure()
#18 /home/walas/proyectos/universidad/tesis/UNIVITA/univita-backend/vendor/laravel/framework/src/Illuminate/Container/BoundMethod.php(35): Illuminate\\Container\\BoundMethod::callBoundMethod()
#19 /home/walas/proyectos/universidad/tesis/UNIVITA/univita-backend/vendor/laravel/framework/src/Illuminate/Container/Container.php(836): Illuminate\\Container\\BoundMethod::call()
#20 /home/walas/proyectos/universidad/tesis/UNIVITA/univita-backend/vendor/laravel/framework/src/Illuminate/Console/Command.php(211): Illuminate\\Container\\Container->call()
#21 /home/walas/proyectos/universidad/tesis/UNIVITA/univita-backend/vendor/symfony/console/Command/Command.php(318): Illuminate\\Console\\Command->execute()
#22 /home/walas/proyectos/universidad/tesis/UNIVITA/univita-backend/vendor/laravel/framework/src/Illuminate/Console/Command.php(180): Symfony\\Component\\Console\\Command\\Command->run()
#23 /home/walas/proyectos/universidad/tesis/UNIVITA/univita-backend/vendor/symfony/console/Application.php(1110): Illuminate\\Console\\Command->run()
#24 /home/walas/proyectos/universidad/tesis/UNIVITA/univita-backend/vendor/symfony/console/Application.php(359): Symfony\\Component\\Console\\Application->doRunCommand()
#25 /home/walas/proyectos/universidad/tesis/UNIVITA/univita-backend/vendor/symfony/console/Application.php(194): Symfony\\Component\\Console\\Application->doRun()
#26 /home/walas/proyectos/universidad/tesis/UNIVITA/univita-backend/vendor/laravel/framework/src/Illuminate/Foundation/Console/Kernel.php(197): Symfony\\Component\\Console\\Application->run()
#27 /home/walas/proyectos/universidad/tesis/UNIVITA/univita-backend/vendor/laravel/framework/src/Illuminate/Foundation/Application.php(1235): Illuminate\\Foundation\\Console\\Kernel->handle()
#28 /home/walas/proyectos/universidad/tesis/UNIVITA/univita-backend/artisan(16): Illuminate\\Foundation\\Application->handleCommand()
#29 {main}

[previous exception] [object] (PDOException(code: 1698): SQLSTATE[HY000] [1698] Access denied for user 'root'@'localhost' at /home/walas/proyectos/universidad/tesis/UNIVITA/univita-backend/vendor/laravel/framework/src/Illuminate/Database/Connectors/Connector.php:66)
[stacktrace]
#0 /home/walas/proyectos/universidad/tesis/UNIVITA/univita-backend/vendor/laravel/framework/src/Illuminate/Database/Connectors/Connector.php(66): PDO->__construct()
#1 /home/walas/proyectos/universidad/tesis/UNIVITA/univita-backend/vendor/laravel/framework/src/Illuminate/Database/Connectors/Connector.php(44): Illuminate\\Database\\Connectors\\Connector->createPdoConnection()
#2 /home/walas/proyectos/universidad/tesis/UNIVITA/univita-backend/vendor/laravel/framework/src/Illuminate/Database/Connectors/MySqlConnector.php(24): Illuminate\\Database\\Connectors\\Connector->createConnection()
#3 /home/walas/proyectos/universidad/tesis/UNIVITA/univita-backend/vendor/laravel/framework/src/Illuminate/Database/Connectors/ConnectionFactory.php(184): Illuminate\\Database\\Connectors\\MySqlConnector->connect()
#4 [internal function]: Illuminate\\Database\\Connectors\\ConnectionFactory->Illuminate\\Database\\Connectors\\{closure}()
#5 /home/walas/proyectos/universidad/tesis/UNIVITA/univita-backend/vendor/laravel/framework/src/Illuminate/Database/Connection.php(1234): call_user_func()
#6 /home/walas/proyectos/universidad/tesis/UNIVITA/univita-backend/vendor/laravel/framework/src/Illuminate/Database/Connection.php(1270): Illuminate\\Database\\Connection->getPdo()
#7 /home/walas/proyectos/universidad/tesis/UNIVITA/univita-backend/vendor/laravel/framework/src/Illuminate/Database/Connection.php(511): Illuminate\\Database\\Connection->getReadPdo()
#8 /home/walas/proyectos/universidad/tesis/UNIVITA/univita-backend/vendor/laravel/framework/src/Illuminate/Database/Connection.php(406): Illuminate\\Database\\Connection->getPdoForSelect()
#9 /home/walas/proyectos/universidad/tesis/UNIVITA/univita-backend/vendor/laravel/framework/src/Illuminate/Database/Connection.php(811): Illuminate\\Database\\Connection->Illuminate\\Database\\{closure}()
#10 /home/walas/proyectos/universidad/tesis/UNIVITA/univita-backend/vendor/laravel/framework/src/Illuminate/Database/Connection.php(778): Illuminate\\Database\\Connection->runQueryCallback()
#11 /home/walas/proyectos/universidad/tesis/UNIVITA/univita-backend/vendor/laravel/framework/src/Illuminate/Database/Connection.php(397): Illuminate\\Database\\Connection->run()
#12 /home/walas/proyectos/universidad/tesis/UNIVITA/univita-backend/vendor/laravel/framework/src/Illuminate/Database/Connection.php(343): Illuminate\\Database\\Connection->select()
#13 /home/walas/proyectos/universidad/tesis/UNIVITA/univita-backend/vendor/laravel/framework/src/Illuminate/Database/Connection.php(360): Illuminate\\Database\\Connection->selectOne()
#14 /home/walas/proyectos/universidad/tesis/UNIVITA/univita-backend/vendor/laravel/framework/src/Illuminate/Database/Schema/Builder.php(174): Illuminate\\Database\\Connection->scalar()
#15 /home/walas/proyectos/universidad/tesis/UNIVITA/univita-backend/vendor/laravel/framework/src/Illuminate/Database/Migrations/DatabaseMigrationRepository.php(185): Illuminate\\Database\\Schema\\Builder->hasTable()
#16 /home/walas/proyectos/universidad/tesis/UNIVITA/univita-backend/vendor/laravel/framework/src/Illuminate/Database/Migrations/Migrator.php(753): Illuminate\\Database\\Migrations\\DatabaseMigrationRepository->repositoryExists()
#17 /home/walas/proyectos/universidad/tesis/UNIVITA/univita-backend/vendor/laravel/framework/src/Illuminate/Database/Console/Migrations/MigrateCommand.php(164): Illuminate\\Database\\Migrations\\Migrator->repositoryExists()
#18 /home/walas/proyectos/universidad/tesis/UNIVITA/univita-backend/vendor/laravel/framework/src/Illuminate/Support/helpers.php(329): Illuminate\\Database\\Console\\Migrations\\MigrateCommand->Illuminate\\Database\\Console\\Migrations\\{closure}()
#19 /home/walas/proyectos/universidad/tesis/UNIVITA/univita-backend/vendor/laravel/framework/src/Illuminate/Database/Console/Migrations/MigrateCommand.php(164): retry()
#20 /home/walas/proyectos/universidad/tesis/UNIVITA/univita-backend/vendor/laravel/framework/src/Illuminate/Database/Console/Migrations/MigrateCommand.php(140): Illuminate\\Database\\Console\\Migrations\\MigrateCommand->repositoryExists()
#21 /home/walas/proyectos/universidad/tesis/UNIVITA/univita-backend/vendor/laravel/framework/src/Illuminate/Database/Console/Migrations/MigrateCommand.php(110): Illuminate\\Database\\Console\\Migrations\\MigrateCommand->prepareDatabase()
#22 /home/walas/proyectos/universidad/tesis/UNIVITA/univita-backend/vendor/laravel/framework/src/Illuminate/Database/Migrations/Migrator.php(666): Illuminate\\Database\\Console\\Migrations\\MigrateCommand->Illuminate\\Database\\Console\\Migrations\\{closure}()
#23 /home/walas/proyectos/universidad/tesis/UNIVITA/univita-backend/vendor/laravel/framework/src/Illuminate/Database/Console/Migrations/MigrateCommand.php(109): Illuminate\\Database\\Migrations\\Migrator->usingConnection()
#24 /home/walas/proyectos/universidad/tesis/UNIVITA/univita-backend/vendor/laravel/framework/src/Illuminate/Database/Console/Migrations/MigrateCommand.php(88): Illuminate\\Database\\Console\\Migrations\\MigrateCommand->runMigrations()
#25 /home/walas/proyectos/universidad/tesis/UNIVITA/univita-backend/vendor/laravel/framework/src/Illuminate/Container/BoundMethod.php(36): Illuminate\\Database\\Console\\Migrations\\MigrateCommand->handle()
#26 /home/walas/proyectos/universidad/tesis/UNIVITA/univita-backend/vendor/laravel/framework/src/Illuminate/Container/Util.php(43): Illuminate\\Container\\BoundMethod::Illuminate\\Container\\{closure}()
#27 /home/walas/proyectos/universidad/tesis/UNIVITA/univita-backend/vendor/laravel/framework/src/Illuminate/Container/BoundMethod.php(96): Illuminate\\Container\\Util::unwrapIfClosure()
#28 /home/walas/proyectos/universidad/tesis/UNIVITA/univita-backend/vendor/laravel/framework/src/Illuminate/Container/BoundMethod.php(35): Illuminate\\Container\\BoundMethod::callBoundMethod()
#29 /home/walas/proyectos/universidad/tesis/UNIVITA/univita-backend/vendor/laravel/framework/src/Illuminate/Container/Container.php(836): Illuminate\\Container\\BoundMethod::call()
#30 /home/walas/proyectos/universidad/tesis/UNIVITA/univita-backend/vendor/laravel/framework/src/Illuminate/Console/Command.php(211): Illuminate\\Container\\Container->call()
#31 /home/walas/proyectos/universidad/tesis/UNIVITA/univita-backend/vendor/symfony/console/Command/Command.php(318): Illuminate\\Console\\Command->execute()
#32 /home/walas/proyectos/universidad/tesis/UNIVITA/univita-backend/vendor/laravel/framework/src/Illuminate/Console/Command.php(180): Symfony\\Component\\Console\\Command\\Command->run()
#33 /home/walas/proyectos/universidad/tesis/UNIVITA/univita-backend/vendor/symfony/console/Application.php(1110): Illuminate\\Console\\Command->run()
#34 /home/walas/proyectos/universidad/tesis/UNIVITA/univita-backend/vendor/symfony/console/Application.php(359): Symfony\\Component\\Console\\Application->doRunCommand()
#35 /home/walas/proyectos/universidad/tesis/UNIVITA/univita-backend/vendor/symfony/console/Application.php(194): Symfony\\Component\\Console\\Application->doRun()
#36 /home/walas/proyectos/universidad/tesis/UNIVITA/univita-backend/vendor/laravel/framework/src/Illuminate/Foundation/Console/Kernel.php(197): Symfony\\Component\\Console\\Application->run()
#37 /home/walas/proyectos/universidad/tesis/UNIVITA/univita-backend/vendor/laravel/framework/src/Illuminate/Foundation/Application.php(1235): Illuminate\\Foundation\\Console\\Kernel->handle()
#38 /home/walas/proyectos/universidad/tesis/UNIVITA/univita-backend/artisan(16): Illuminate\\Foundation\\Application->handleCommand()
#39 {main}
"} 
[2025-10-24 21:30:26] local.ERROR: SQLSTATE[HY000] [1698] Access denied for user 'root'@'localhost' (Connection: mysql, SQL: select exists (select 1 from information_schema.tables where table_schema = schema() and table_name = 'migrations' and table_type in ('BASE TABLE', 'SYSTEM VERSIONED')) as `exists`) {"exception":"[object] (Illuminate\\Database\\QueryException(code: 1698): SQLSTATE[HY000] [1698] Access denied for user 'root'@'localhost' (Connection: mysql, SQL: select exists (select 1 from information_schema.tables where table_schema = schema() and table_name = 'migrations' and table_type in ('BASE TABLE', 'SYSTEM VERSIONED')) as `exists`) at /home/walas/proyectos/universidad/tesis/UNIVITA/univita-backend/vendor/laravel/framework/src/Illuminate/Database/Connection.php:824)
[stacktrace]
#0 /home/walas/proyectos/universidad/tesis/UNIVITA/univita-backend/vendor/laravel/framework/src/Illuminate/Database/Connection.php(778): Illuminate\\Database\\Connection->runQueryCallback()
#1 /home/walas/proyectos/universidad/tesis/UNIVITA/univita-backend/vendor/laravel/framework/src/Illuminate/Database/Connection.php(397): Illuminate\\Database\\Connection->run()
#2 /home/walas/proyectos/universidad/tesis/UNIVITA/univita-backend/vendor/laravel/framework/src/Illuminate/Database/Connection.php(343): Illuminate\\Database\\Connection->select()
#3 /home/walas/proyectos/universidad/tesis/UNIVITA/univita-backend/vendor/laravel/framework/src/Illuminate/Database/Connection.php(360): Illuminate\\Database\\Connection->selectOne()
#4 /home/walas/proyectos/universidad/tesis/UNIVITA/univita-backend/vendor/laravel/framework/src/Illuminate/Database/Schema/Builder.php(174): Illuminate\\Database\\Connection->scalar()
#5 /home/walas/proyectos/universidad/tesis/UNIVITA/univita-backend/vendor/laravel/framework/src/Illuminate/Database/Migrations/DatabaseMigrationRepository.php(185): Illuminate\\Database\\Schema\\Builder->hasTable()
#6 /home/walas/proyectos/universidad/tesis/UNIVITA/univita-backend/vendor/laravel/framework/src/Illuminate/Database/Migrations/Migrator.php(753): Illuminate\\Database\\Migrations\\DatabaseMigrationRepository->repositoryExists()
#7 /home/walas/proyectos/universidad/tesis/UNIVITA/univita-backend/vendor/laravel/framework/src/Illuminate/Database/Console/Migrations/MigrateCommand.php(164): Illuminate\\Database\\Migrations\\Migrator->repositoryExists()
#8 /home/walas/proyectos/universidad/tesis/UNIVITA/univita-backend/vendor/laravel/framework/src/Illuminate/Support/helpers.php(329): Illuminate\\Database\\Console\\Migrations\\MigrateCommand->Illuminate\\Database\\Console\\Migrations\\{closure}()
#9 /home/walas/proyectos/universidad/tesis/UNIVITA/univita-backend/vendor/laravel/framework/src/Illuminate/Database/Console/Migrations/MigrateCommand.php(164): retry()
#10 /home/walas/proyectos/universidad/tesis/UNIVITA/univita-backend/vendor/laravel/framework/src/Illuminate/Database/Console/Migrations/MigrateCommand.php(140): Illuminate\\Database\\Console\\Migrations\\MigrateCommand->repositoryExists()
#11 /home/walas/proyectos/universidad/tesis/UNIVITA/univita-backend/vendor/laravel/framework/src/Illuminate/Database/Console/Migrations/MigrateCommand.php(110): Illuminate\\Database\\Console\\Migrations\\MigrateCommand->prepareDatabase()
#12 /home/walas/proyectos/universidad/tesis/UNIVITA/univita-backend/vendor/laravel/framework/src/Illuminate/Database/Migrations/Migrator.php(666): Illuminate\\Database\\Console\\Migrations\\MigrateCommand->Illuminate\\Database\\Console\\Migrations\\{closure}()
#13 /home/walas/proyectos/universidad/tesis/UNIVITA/univita-backend/vendor/laravel/framework/src/Illuminate/Database/Console/Migrations/MigrateCommand.php(109): Illuminate\\Database\\Migrations\\Migrator->usingConnection()
#14 /home/walas/proyectos/universidad/tesis/UNIVITA/univita-backend/vendor/laravel/framework/src/Illuminate/Database/Console/Migrations/MigrateCommand.php(88): Illuminate\\Database\\Console\\Migrations\\MigrateCommand->runMigrations()
#15 /home/walas/proyectos/universidad/tesis/UNIVITA/univita-backend/vendor/laravel/framework/src/Illuminate/Container/BoundMethod.php(36): Illuminate\\Database\\Console\\Migrations\\MigrateCommand->handle()
#16 /home/walas/proyectos/universidad/tesis/UNIVITA/univita-backend/vendor/laravel/framework/src/Illuminate/Container/Util.php(43): Illuminate\\Container\\BoundMethod::Illuminate\\Container\\{closure}()
#17 /home/walas/proyectos/universidad/tesis/UNIVITA/univita-backend/vendor/laravel/framework/src/Illuminate/Container/BoundMethod.php(96): Illuminate\\Container\\Util::unwrapIfClosure()
#18 /home/walas/proyectos/universidad/tesis/UNIVITA/univita-backend/vendor/laravel/framework/src/Illuminate/Container/BoundMethod.php(35): Illuminate\\Container\\BoundMethod::callBoundMethod()
#19 /home/walas/proyectos/universidad/tesis/UNIVITA/univita-backend/vendor/laravel/framework/src/Illuminate/Container/Container.php(836): Illuminate\\Container\\BoundMethod::call()
#20 /home/walas/proyectos/universidad/tesis/UNIVITA/univita-backend/vendor/laravel/framework/src/Illuminate/Console/Command.php(211): Illuminate\\Container\\Container->call()
#21 /home/walas/proyectos/universidad/tesis/UNIVITA/univita-backend/vendor/symfony/console/Command/Command.php(318): Illuminate\\Console\\Command->execute()
#22 /home/walas/proyectos/universidad/tesis/UNIVITA/univita-backend/vendor/laravel/framework/src/Illuminate/Console/Command.php(180): Symfony\\Component\\Console\\Command\\Command->run()
#23 /home/walas/proyectos/universidad/tesis/UNIVITA/univita-backend/vendor/symfony/console/Application.php(1110): Illuminate\\Console\\Command->run()
#24 /home/walas/proyectos/universidad/tesis/UNIVITA/univita-backend/vendor/symfony/console/Application.php(359): Symfony\\Component\\Console\\Application->doRunCommand()
#25 /home/walas/proyectos/universidad/tesis/UNIVITA/univita-backend/vendor/symfony/console/Application.php(194): Symfony\\Component\\Console\\Application->doRun()
#26 /home/walas/proyectos/universidad/tesis/UNIVITA/univita-backend/vendor/laravel/framework/src/Illuminate/Foundation/Console/Kernel.php(197): Symfony\\Component\\Console\\Application->run()
#27 /home/walas/proyectos/universidad/tesis/UNIVITA/univita-backend/vendor/laravel/framework/src/Illuminate/Foundation/Application.php(1235): Illuminate\\Foundation\\Console\\Kernel->handle()
#28 /home/walas/proyectos/universidad/tesis/UNIVITA/univita-backend/artisan(16): Illuminate\\Foundation\\Application->handleCommand()
#29 {main}

[previous exception] [object] (PDOException(code: 1698): SQLSTATE[HY000] [1698] Access denied for user 'root'@'localhost' at /home/walas/proyectos/universidad/tesis/UNIVITA/univita-backend/vendor/laravel/framework/src/Illuminate/Database/Connectors/Connector.php:66)
[stacktrace]
#0 /home/walas/proyectos/universidad/tesis/UNIVITA/univita-backend/vendor/laravel/framework/src/Illuminate/Database/Connectors/Connector.php(66): PDO->__construct()
#1 /home/walas/proyectos/universidad/tesis/UNIVITA/univita-backend/vendor/laravel/framework/src/Illuminate/Database/Connectors/Connector.php(44): Illuminate\\Database\\Connectors\\Connector->createPdoConnection()
#2 /home/walas/proyectos/universidad/tesis/UNIVITA/univita-backend/vendor/laravel/framework/src/Illuminate/Database/Connectors/MySqlConnector.php(24): Illuminate\\Database\\Connectors\\Connector->createConnection()
#3 /home/walas/proyectos/universidad/tesis/UNIVITA/univita-backend/vendor/laravel/framework/src/Illuminate/Database/Connectors/ConnectionFactory.php(184): Illuminate\\Database\\Connectors\\MySqlConnector->connect()
#4 [internal function]: Illuminate\\Database\\Connectors\\ConnectionFactory->Illuminate\\Database\\Connectors\\{closure}()
#5 /home/walas/proyectos/universidad/tesis/UNIVITA/univita-backend/vendor/laravel/framework/src/Illuminate/Database/Connection.php(1234): call_user_func()
#6 /home/walas/proyectos/universidad/tesis/UNIVITA/univita-backend/vendor/laravel/framework/src/Illuminate/Database/Connection.php(1270): Illuminate\\Database\\Connection->getPdo()
#7 /home/walas/proyectos/universidad/tesis/UNIVITA/univita-backend/vendor/laravel/framework/src/Illuminate/Database/Connection.php(511): Illuminate\\Database\\Connection->getReadPdo()
#8 /home/walas/proyectos/universidad/tesis/UNIVITA/univita-backend/vendor/laravel/framework/src/Illuminate/Database/Connection.php(406): Illuminate\\Database\\Connection->getPdoForSelect()
#9 /home/walas/proyectos/universidad/tesis/UNIVITA/univita-backend/vendor/laravel/framework/src/Illuminate/Database/Connection.php(811): Illuminate\\Database\\Connection->Illuminate\\Database\\{closure}()
#10 /home/walas/proyectos/universidad/tesis/UNIVITA/univita-backend/vendor/laravel/framework/src/Illuminate/Database/Connection.php(778): Illuminate\\Database\\Connection->runQueryCallback()
#11 /home/walas/proyectos/universidad/tesis/UNIVITA/univita-backend/vendor/laravel/framework/src/Illuminate/Database/Connection.php(397): Illuminate\\Database\\Connection->run()
#12 /home/walas/proyectos/universidad/tesis/UNIVITA/univita-backend/vendor/laravel/framework/src/Illuminate/Database/Connection.php(343): Illuminate\\Database\\Connection->select()
#13 /home/walas/proyectos/universidad/tesis/UNIVITA/univita-backend/vendor/laravel/framework/src/Illuminate/Database/Connection.php(360): Illuminate\\Database\\Connection->selectOne()
#14 /home/walas/proyectos/universidad/tesis/UNIVITA/univita-backend/vendor/laravel/framework/src/Illuminate/Database/Schema/Builder.php(174): Illuminate\\Database\\Connection->scalar()
#15 /home/walas/proyectos/universidad/tesis/UNIVITA/univita-backend/vendor/laravel/framework/src/Illuminate/Database/Migrations/DatabaseMigrationRepository.php(185): Illuminate\\Database\\Schema\\Builder->hasTable()
#16 /home/walas/proyectos/universidad/tesis/UNIVITA/univita-backend/vendor/laravel/framework/src/Illuminate/Database/Migrations/Migrator.php(753): Illuminate\\Database\\Migrations\\DatabaseMigrationRepository->repositoryExists()
#17 /home/walas/proyectos/universidad/tesis/UNIVITA/univita-backend/vendor/laravel/framework/src/Illuminate/Database/Console/Migrations/MigrateCommand.php(164): Illuminate\\Database\\Migrations\\Migrator->repositoryExists()
#18 /home/walas/proyectos/universidad/tesis/UNIVITA/univita-backend/vendor/laravel/framework/src/Illuminate/Support/helpers.php(329): Illuminate\\Database\\Console\\Migrations\\MigrateCommand->Illuminate\\Database\\Console\\Migrations\\{closure}()
#19 /home/walas/proyectos/universidad/tesis/UNIVITA/univita-backend/vendor/laravel/framework/src/Illuminate/Database/Console/Migrations/MigrateCommand.php(164): retry()
#20 /home/walas/proyectos/universidad/tesis/UNIVITA/univita-backend/vendor/laravel/framework/src/Illuminate/Database/Console/Migrations/MigrateCommand.php(140): Illuminate\\Database\\Console\\Migrations\\MigrateCommand->repositoryExists()
#21 /home/walas/proyectos/universidad/tesis/UNIVITA/univita-backend/vendor/laravel/framework/src/Illuminate/Database/Console/Migrations/MigrateCommand.php(110): Illuminate\\Database\\Console\\Migrations\\MigrateCommand->prepareDatabase()
#22 /home/walas/proyectos/universidad/tesis/UNIVITA/univita-backend/vendor/laravel/framework/src/Illuminate/Database/Migrations/Migrator.php(666): Illuminate\\Database\\Console\\Migrations\\MigrateCommand->Illuminate\\Database\\Console\\Migrations\\{closure}()
#23 /home/walas/proyectos/universidad/tesis/UNIVITA/univita-backend/vendor/laravel/framework/src/Illuminate/Database/Console/Migrations/MigrateCommand.php(109): Illuminate\\Database\\Migrations\\Migrator->usingConnection()
#24 /home/walas/proyectos/universidad/tesis/UNIVITA/univita-backend/vendor/laravel/framework/src/Illuminate/Database/Console/Migrations/MigrateCommand.php(88): Illuminate\\Database\\Console\\Migrations\\MigrateCommand->runMigrations()
#25 /home/walas/proyectos/universidad/tesis/UNIVITA/univita-backend/vendor/laravel/framework/src/Illuminate/Container/BoundMethod.php(36): Illuminate\\Database\\Console\\Migrations\\MigrateCommand->handle()
#26 /home/walas/proyectos/universidad/tesis/UNIVITA/univita-backend/vendor/laravel/framework/src/Illuminate/Container/Util.php(43): Illuminate\\Container\\BoundMethod::Illuminate\\Container\\{closure}()
#27 /home/walas/proyectos/universidad/tesis/UNIVITA/univita-backend/vendor/laravel/framework/src/Illuminate/Container/BoundMethod.php(96): Illuminate\\Container\\Util::unwrapIfClosure()
#28 /home/walas/proyectos/universidad/tesis/UNIVITA/univita-backend/vendor/laravel/framework/src/Illuminate/Container/BoundMethod.php(35): Illuminate\\Container\\BoundMethod::callBoundMethod()
#29 /home/walas/proyectos/universidad/tesis/UNIVITA/univita-backend/vendor/laravel/framework/src/Illuminate/Container/Container.php(836): Illuminate\\Container\\BoundMethod::call()
#30 /home/walas/proyectos/universidad/tesis/UNIVITA/univita-backend/vendor/laravel/framework/src/Illuminate/Console/Command.php(211): Illuminate\\Container\\Container->call()
#31 /home/walas/proyectos/universidad/tesis/UNIVITA/univita-backend/vendor/symfony/console/Command/Command.php(318): Illuminate\\Console\\Command->execute()
#32 /home/walas/proyectos/universidad/tesis/UNIVITA/univita-backend/vendor/laravel/framework/src/Illuminate/Console/Command.php(180): Symfony\\Component\\Console\\Command\\Command->run()
#33 /home/walas/proyectos/universidad/tesis/UNIVITA/univita-backend/vendor/symfony/console/Application.php(1110): Illuminate\\Console\\Command->run()
#34 /home/walas/proyectos/universidad/tesis/UNIVITA/univita-backend/vendor/symfony/console/Application.php(359): Symfony\\Component\\Console\\Application->doRunCommand()
#35 /home/walas/proyectos/universidad/tesis/UNIVITA/univita-backend/vendor/symfony/console/Application.php(194): Symfony\\Component\\Console\\Application->doRun()
#36 /home/walas/proyectos/universidad/tesis/UNIVITA/univita-backend/vendor/laravel/framework/src/Illuminate/Foundation/Console/Kernel.php(197): Symfony\\Component\\Console\\Application->run()
#37 /home/walas/proyectos/universidad/tesis/UNIVITA/univita-backend/vendor/laravel/framework/src/Illuminate/Foundation/Application.php(1235): Illuminate\\Foundation\\Console\\Kernel->handle()
#38 /home/walas/proyectos/universidad/tesis/UNIVITA/univita-backend/artisan(16): Illuminate\\Foundation\\Application->handleCommand()
#39 {main}
"} 
[2025-10-24 21:31:53] local.ERROR: SQLSTATE[HY000] [1698] Access denied for user 'root'@'localhost' (Connection: mysql, SQL: select exists (select 1 from information_schema.tables where table_schema = schema() and table_name = 'migrations' and table_type in ('BASE TABLE', 'SYSTEM VERSIONED')) as `exists`) {"exception":"[object] (Illuminate\\Database\\QueryException(code: 1698): SQLSTATE[HY000] [1698] Access denied for user 'root'@'localhost' (Connection: mysql, SQL: select exists (select 1 from information_schema.tables where table_schema = schema() and table_name = 'migrations' and table_type in ('BASE TABLE', 'SYSTEM VERSIONED')) as `exists`) at /home/walas/proyectos/universidad/tesis/UNIVITA/univita-backend/vendor/laravel/framework/src/Illuminate/Database/Connection.php:824)
[stacktrace]
#0 /home/walas/proyectos/universidad/tesis/UNIVITA/univita-backend/vendor/laravel/framework/src/Illuminate/Database/Connection.php(778): Illuminate\\Database\\Connection->runQueryCallback()
#1 /home/walas/proyectos/universidad/tesis/UNIVITA/univita-backend/vendor/laravel/framework/src/Illuminate/Database/Connection.php(397): Illuminate\\Database\\Connection->run()
#2 /home/walas/proyectos/universidad/tesis/UNIVITA/univita-backend/vendor/laravel/framework/src/Illuminate/Database/Connection.php(343): Illuminate\\Database\\Connection->select()
#3 /home/walas/proyectos/universidad/tesis/UNIVITA/univita-backend/vendor/laravel/framework/src/Illuminate/Database/Connection.php(360): Illuminate\\Database\\Connection->selectOne()
#4 /home/walas/proyectos/universidad/tesis/UNIVITA/univita-backend/vendor/laravel/framework/src/Illuminate/Database/Schema/Builder.php(174): Illuminate\\Database\\Connection->scalar()
#5 /home/walas/proyectos/universidad/tesis/UNIVITA/univita-backend/vendor/laravel/framework/src/Illuminate/Database/Migrations/DatabaseMigrationRepository.php(185): Illuminate\\Database\\Schema\\Builder->hasTable()
#6 /home/walas/proyectos/universidad/tesis/UNIVITA/univita-backend/vendor/laravel/framework/src/Illuminate/Database/Migrations/Migrator.php(753): Illuminate\\Database\\Migrations\\DatabaseMigrationRepository->repositoryExists()
#7 /home/walas/proyectos/universidad/tesis/UNIVITA/univita-backend/vendor/laravel/framework/src/Illuminate/Database/Console/Migrations/MigrateCommand.php(164): Illuminate\\Database\\Migrations\\Migrator->repositoryExists()
#8 /home/walas/proyectos/universidad/tesis/UNIVITA/univita-backend/vendor/laravel/framework/src/Illuminate/Support/helpers.php(329): Illuminate\\Database\\Console\\Migrations\\MigrateCommand->Illuminate\\Database\\Console\\Migrations\\{closure}()
#9 /home/walas/proyectos/universidad/tesis/UNIVITA/univita-backend/vendor/laravel/framework/src/Illuminate/Database/Console/Migrations/MigrateCommand.php(164): retry()
#10 /home/walas/proyectos/universidad/tesis/UNIVITA/univita-backend/vendor/laravel/framework/src/Illuminate/Database/Console/Migrations/MigrateCommand.php(140): Illuminate\\Database\\Console\\Migrations\\MigrateCommand->repositoryExists()
#11 /home/walas/proyectos/universidad/tesis/UNIVITA/univita-backend/vendor/laravel/framework/src/Illuminate/Database/Console/Migrations/MigrateCommand.php(110): Illuminate\\Database\\Console\\Migrations\\MigrateCommand->prepareDatabase()
#12 /home/walas/proyectos/universidad/tesis/UNIVITA/univita-backend/vendor/laravel/framework/src/Illuminate/Database/Migrations/Migrator.php(666): Illuminate\\Database\\Console\\Migrations\\MigrateCommand->Illuminate\\Database\\Console\\Migrations\\{closure}()
#13 /home/walas/proyectos/universidad/tesis/UNIVITA/univita-backend/vendor/laravel/framework/src/Illuminate/Database/Console/Migrations/MigrateCommand.php(109): Illuminate\\Database\\Migrations\\Migrator->usingConnection()
#14 /home/walas/proyectos/universidad/tesis/UNIVITA/univita-backend/vendor/laravel/framework/src/Illuminate/Database/Console/Migrations/MigrateCommand.php(88): Illuminate\\Database\\Console\\Migrations\\MigrateCommand->runMigrations()
#15 /home/walas/proyectos/universidad/tesis/UNIVITA/univita-backend/vendor/laravel/framework/src/Illuminate/Container/BoundMethod.php(36): Illuminate\\Database\\Console\\Migrations\\MigrateCommand->handle()
#16 /home/walas/proyectos/universidad/tesis/UNIVITA/univita-backend/vendor/laravel/framework/src/Illuminate/Container/Util.php(43): Illuminate\\Container\\BoundMethod::Illuminate\\Container\\{closure}()
#17 /home/walas/proyectos/universidad/tesis/UNIVITA/univita-backend/vendor/laravel/framework/src/Illuminate/Container/BoundMethod.php(96): Illuminate\\Container\\Util::unwrapIfClosure()
#18 /home/walas/proyectos/universidad/tesis/UNIVITA/univita-backend/vendor/laravel/framework/src/Illuminate/Container/BoundMethod.php(35): Illuminate\\Container\\BoundMethod::callBoundMethod()
#19 /home/walas/proyectos/universidad/tesis/UNIVITA/univita-backend/vendor/laravel/framework/src/Illuminate/Container/Container.php(836): Illuminate\\Container\\BoundMethod::call()
#20 /home/walas/proyectos/universidad/tesis/UNIVITA/univita-backend/vendor/laravel/framework/src/Illuminate/Console/Command.php(211): Illuminate\\Container\\Container->call()
#21 /home/walas/proyectos/universidad/tesis/UNIVITA/univita-backend/vendor/symfony/console/Command/Command.php(318): Illuminate\\Console\\Command->execute()
#22 /home/walas/proyectos/universidad/tesis/UNIVITA/univita-backend/vendor/laravel/framework/src/Illuminate/Console/Command.php(180): Symfony\\Component\\Console\\Command\\Command->run()
#23 /home/walas/proyectos/universidad/tesis/UNIVITA/univita-backend/vendor/symfony/console/Application.php(1110): Illuminate\\Console\\Command->run()
#24 /home/walas/proyectos/universidad/tesis/UNIVITA/univita-backend/vendor/symfony/console/Application.php(359): Symfony\\Component\\Console\\Application->doRunCommand()
#25 /home/walas/proyectos/universidad/tesis/UNIVITA/univita-backend/vendor/symfony/console/Application.php(194): Symfony\\Component\\Console\\Application->doRun()
#26 /home/walas/proyectos/universidad/tesis/UNIVITA/univita-backend/vendor/laravel/framework/src/Illuminate/Foundation/Console/Kernel.php(197): Symfony\\Component\\Console\\Application->run()
#27 /home/walas/proyectos/universidad/tesis/UNIVITA/univita-backend/vendor/laravel/framework/src/Illuminate/Foundation/Application.php(1235): Illuminate\\Foundation\\Console\\Kernel->handle()
#28 /home/walas/proyectos/universidad/tesis/UNIVITA/univita-backend/artisan(16): Illuminate\\Foundation\\Application->handleCommand()
#29 {main}

[previous exception] [object] (PDOException(code: 1698): SQLSTATE[HY000] [1698] Access denied for user 'root'@'localhost' at /home/walas/proyectos/universidad/tesis/UNIVITA/univita-backend/vendor/laravel/framework/src/Illuminate/Database/Connectors/Connector.php:66)
[stacktrace]
#0 /home/walas/proyectos/universidad/tesis/UNIVITA/univita-backend/vendor/laravel/framework/src/Illuminate/Database/Connectors/Connector.php(66): PDO->__construct()
#1 /home/walas/proyectos/universidad/tesis/UNIVITA/univita-backend/vendor/laravel/framework/src/Illuminate/Database/Connectors/Connector.php(44): Illuminate\\Database\\Connectors\\Connector->createPdoConnection()
#2 /home/walas/proyectos/universidad/tesis/UNIVITA/univita-backend/vendor/laravel/framework/src/Illuminate/Database/Connectors/MySqlConnector.php(24): Illuminate\\Database\\Connectors\\Connector->createConnection()
#3 /home/walas/proyectos/universidad/tesis/UNIVITA/univita-backend/vendor/laravel/framework/src/Illuminate/Database/Connectors/ConnectionFactory.php(184): Illuminate\\Database\\Connectors\\MySqlConnector->connect()
#4 [internal function]: Illuminate\\Database\\Connectors\\ConnectionFactory->Illuminate\\Database\\Connectors\\{closure}()
#5 /home/walas/proyectos/universidad/tesis/UNIVITA/univita-backend/vendor/laravel/framework/src/Illuminate/Database/Connection.php(1234): call_user_func()
#6 /home/walas/proyectos/universidad/tesis/UNIVITA/univita-backend/vendor/laravel/framework/src/Illuminate/Database/Connection.php(1270): Illuminate\\Database\\Connection->getPdo()
#7 /home/walas/proyectos/universidad/tesis/UNIVITA/univita-backend/vendor/laravel/framework/src/Illuminate/Database/Connection.php(511): Illuminate\\Database\\Connection->getReadPdo()
#8 /home/walas/proyectos/universidad/tesis/UNIVITA/univita-backend/vendor/laravel/framework/src/Illuminate/Database/Connection.php(406): Illuminate\\Database\\Connection->getPdoForSelect()
#9 /home/walas/proyectos/universidad/tesis/UNIVITA/univita-backend/vendor/laravel/framework/src/Illuminate/Database/Connection.php(811): Illuminate\\Database\\Connection->Illuminate\\Database\\{closure}()
#10 /home/walas/proyectos/universidad/tesis/UNIVITA/univita-backend/vendor/laravel/framework/src/Illuminate/Database/Connection.php(778): Illuminate\\Database\\Connection->runQueryCallback()
#11 /home/walas/proyectos/universidad/tesis/UNIVITA/univita-backend/vendor/laravel/framework/src/Illuminate/Database/Connection.php(397): Illuminate\\Database\\Connection->run()
#12 /home/walas/proyectos/universidad/tesis/UNIVITA/univita-backend/vendor/laravel/framework/src/Illuminate/Database/Connection.php(343): Illuminate\\Database\\Connection->select()
#13 /home/walas/proyectos/universidad/tesis/UNIVITA/univita-backend/vendor/laravel/framework/src/Illuminate/Database/Connection.php(360): Illuminate\\Database\\Connection->selectOne()
#14 /home/walas/proyectos/universidad/tesis/UNIVITA/univita-backend/vendor/laravel/framework/src/Illuminate/Database/Schema/Builder.php(174): Illuminate\\Database\\Connection->scalar()
#15 /home/walas/proyectos/universidad/tesis/UNIVITA/univita-backend/vendor/laravel/framework/src/Illuminate/Database/Migrations/DatabaseMigrationRepository.php(185): Illuminate\\Database\\Schema\\Builder->hasTable()
#16 /home/walas/proyectos/universidad/tesis/UNIVITA/univita-backend/vendor/laravel/framework/src/Illuminate/Database/Migrations/Migrator.php(753): Illuminate\\Database\\Migrations\\DatabaseMigrationRepository->repositoryExists()
#17 /home/walas/proyectos/universidad/tesis/UNIVITA/univita-backend/vendor/laravel/framework/src/Illuminate/Database/Console/Migrations/MigrateCommand.php(164): Illuminate\\Database\\Migrations\\Migrator->repositoryExists()
#18 /home/walas/proyectos/universidad/tesis/UNIVITA/univita-backend/vendor/laravel/framework/src/Illuminate/Support/helpers.php(329): Illuminate\\Database\\Console\\Migrations\\MigrateCommand->Illuminate\\Database\\Console\\Migrations\\{closure}()
#19 /home/walas/proyectos/universidad/tesis/UNIVITA/univita-backend/vendor/laravel/framework/src/Illuminate/Database/Console/Migrations/MigrateCommand.php(164): retry()
#20 /home/walas/proyectos/universidad/tesis/UNIVITA/univita-backend/vendor/laravel/framework/src/Illuminate/Database/Console/Migrations/MigrateCommand.php(140): Illuminate\\Database\\Console\\Migrations\\MigrateCommand->repositoryExists()
#21 /home/walas/proyectos/universidad/tesis/UNIVITA/univita-backend/vendor/laravel/framework/src/Illuminate/Database/Console/Migrations/MigrateCommand.php(110): Illuminate\\Database\\Console\\Migrations\\MigrateCommand->prepareDatabase()
#22 /home/walas/proyectos/universidad/tesis/UNIVITA/univita-backend/vendor/laravel/framework/src/Illuminate/Database/Migrations/Migrator.php(666): Illuminate\\Database\\Console\\Migrations\\MigrateCommand->Illuminate\\Database\\Console\\Migrations\\{closure}()
#23 /home/walas/proyectos/universidad/tesis/UNIVITA/univita-backend/vendor/laravel/framework/src/Illuminate/Database/Console/Migrations/MigrateCommand.php(109): Illuminate\\Database\\Migrations\\Migrator->usingConnection()
#24 /home/walas/proyectos/universidad/tesis/UNIVITA/univita-backend/vendor/laravel/framework/src/Illuminate/Database/Console/Migrations/MigrateCommand.php(88): Illuminate\\Database\\Console\\Migrations\\MigrateCommand->runMigrations()
#25 /home/walas/proyectos/universidad/tesis/UNIVITA/univita-backend/vendor/laravel/framework/src/Illuminate/Container/BoundMethod.php(36): Illuminate\\Database\\Console\\Migrations\\MigrateCommand->handle()
#26 /home/walas/proyectos/universidad/tesis/UNIVITA/univita-backend/vendor/laravel/framework/src/Illuminate/Container/Util.php(43): Illuminate\\Container\\BoundMethod::Illuminate\\Container\\{closure}()
#27 /home/walas/proyectos/universidad/tesis/UNIVITA/univita-backend/vendor/laravel/framework/src/Illuminate/Container/BoundMethod.php(96): Illuminate\\Container\\Util::unwrapIfClosure()
#28 /home/walas/proyectos/universidad/tesis/UNIVITA/univita-backend/vendor/laravel/framework/src/Illuminate/Container/BoundMethod.php(35): Illuminate\\Container\\BoundMethod::callBoundMethod()
#29 /home/walas/proyectos/universidad/tesis/UNIVITA/univita-backend/vendor/laravel/framework/src/Illuminate/Container/Container.php(836): Illuminate\\Container\\BoundMethod::call()
#30 /home/walas/proyectos/universidad/tesis/UNIVITA/univita-backend/vendor/laravel/framework/src/Illuminate/Console/Command.php(211): Illuminate\\Container\\Container->call()
#31 /home/walas/proyectos/universidad/tesis/UNIVITA/univita-backend/vendor/symfony/console/Command/Command.php(318): Illuminate\\Console\\Command->execute()
#32 /home/walas/proyectos/universidad/tesis/UNIVITA/univita-backend/vendor/laravel/framework/src/Illuminate/Console/Command.php(180): Symfony\\Component\\Console\\Command\\Command->run()
#33 /home/walas/proyectos/universidad/tesis/UNIVITA/univita-backend/vendor/symfony/console/Application.php(1110): Illuminate\\Console\\Command->run()
#34 /home/walas/proyectos/universidad/tesis/UNIVITA/univita-backend/vendor/symfony/console/Application.php(359): Symfony\\Component\\Console\\Application->doRunCommand()
#35 /home/walas/proyectos/universidad/tesis/UNIVITA/univita-backend/vendor/symfony/console/Application.php(194): Symfony\\Component\\Console\\Application->doRun()
#36 /home/walas/proyectos/universidad/tesis/UNIVITA/univita-backend/vendor/laravel/framework/src/Illuminate/Foundation/Console/Kernel.php(197): Symfony\\Component\\Console\\Application->run()
#37 /home/walas/proyectos/universidad/tesis/UNIVITA/univita-backend/vendor/laravel/framework/src/Illuminate/Foundation/Application.php(1235): Illuminate\\Foundation\\Console\\Kernel->handle()
#38 /home/walas/proyectos/universidad/tesis/UNIVITA/univita-backend/artisan(16): Illuminate\\Foundation\\Application->handleCommand()
#39 {main}
"} 
